/datag/public/guest/DIAG_AGBT21A_996_36/spliced_guppi_59348_21956_BLGCsurvey_J1744-1134_0049.rawspec.0000.fil
/datag/public/guest/DIAG_AGBT21A_996_36/spliced_guppi_59348_21956_BLGCsurvey_J1744-1134_0049.rawspec.0002.fil
/datag/public/guest/DIAG_AGBT21A_996_36/spliced_guppi_59348_22329_BLGCsurvey_Xband_A00_0050.rawspec.0000.fil
/datag/public/guest/DIAG_AGBT21A_996_36/spliced_guppi_59348_22329_BLGCsurvey_Xband_A00_0050.rawspec.0002.fil
/datag/public/guest/DIAG_AGBT21A_996_36/spliced_guppi_59348_22640_BLGCsurvey_Xband_D10_0051.rawspec.0000.fil
/datag/public/guest/DIAG_AGBT21A_996_36/spliced_guppi_59348_22640_BLGCsurvey_Xband_D10_0051.rawspec.0002.fil
/datag/public/guest/DIAG_AGBT21A_996_36/spliced_guppi_59348_22949_BLGCsurvey_Xband_A00_0052.rawspec.0000.fil
/datag/public/guest/DIAG_AGBT21A_996_36/spliced_guppi_59348_22949_BLGCsurvey_Xband_A00_0052.rawspec.0002.fil
/datag/public/guest/DIAG_AGBT21A_996_36/spliced_guppi_59348_23258_BLGCsurvey_Xband_D10_0053.rawspec.0000.fil
/datag/public/guest/DIAG_AGBT21A_996_36/spliced_guppi_59348_23258_BLGCsurvey_Xband_D10_0053.rawspec.0002.fil
/datag/public/guest/DIAG_AGBT21A_996_36/spliced_guppi_59348_23567_BLGCsurvey_Xband_A00_0054.rawspec.0000.fil
/datag/public/guest/DIAG_AGBT21A_996_36/spliced_guppi_59348_23567_BLGCsurvey_Xband_A00_0054.rawspec.0002.fil
/datag/public/guest/DIAG_AGBT21A_996_36/spliced_guppi_59348_23876_BLGCsurvey_Xband_D10_0055.rawspec.0000.fil
/datag/public/guest/DIAG_AGBT21A_996_36/spliced_guppi_59348_23876_BLGCsurvey_Xband_D10_0055.rawspec.0002.fil
/datag/public/guest/DIAG_AGBT21A_996_36/spliced_guppi_59348_24185_BLGCsurvey_Xband_A00_0056.rawspec.0000.fil
/datag/public/guest/DIAG_AGBT21A_996_36/spliced_guppi_59348_24185_BLGCsurvey_Xband_A00_0056.rawspec.0002.fil
/datag/public/guest/DIAG_AGBT21A_996_36/spliced_guppi_59348_24494_BLGCsurvey_Xband_D01_0057.rawspec.0000.fil
/datag/public/guest/DIAG_AGBT21A_996_36/spliced_guppi_59348_24494_BLGCsurvey_Xband_D01_0057.rawspec.0002.fil
/datag/public/guest/DIAG_AGBT21A_996_36/spliced_guppi_59348_24803_BLGCsurvey_Xband_A00_0058.rawspec.0000.fil
/datag/public/guest/DIAG_AGBT21A_996_36/spliced_guppi_59348_24803_BLGCsurvey_Xband_A00_0058.rawspec.0002.fil
/datag/public/guest/DIAG_AGBT21A_996_36/spliced_guppi_59348_25112_BLGCsurvey_Xband_D01_0059.rawspec.0000.fil
/datag/public/guest/DIAG_AGBT21A_996_36/spliced_guppi_59348_25112_BLGCsurvey_Xband_D01_0059.rawspec.0002.fil
/datag/public/guest/DIAG_AGBT21A_996_36/spliced_guppi_59348_25421_BLGCsurvey_Xband_A00_0060.rawspec.0000.fil
/datag/public/guest/DIAG_AGBT21A_996_36/spliced_guppi_59348_25421_BLGCsurvey_Xband_A00_0060.rawspec.0002.fil
/datag/public/guest/DIAG_AGBT21A_996_36/spliced_guppi_59348_25730_BLGCsurvey_Xband_D01_0061.rawspec.0000.fil
/datag/public/guest/DIAG_AGBT21A_996_36/spliced_guppi_59348_25730_BLGCsurvey_Xband_D01_0061.rawspec.0002.fil
/datag/public/guest/DIAG_AGBT21A_996_36/spliced_guppi_59348_26039_BLGCsurvey_Xband_D03_0062.rawspec.0000.fil
/datag/public/guest/DIAG_AGBT21A_996_36/spliced_guppi_59348_26039_BLGCsurvey_Xband_D03_0062.rawspec.0002.fil
/datag/public/guest/DIAG_AGBT21A_996_36/spliced_guppi_59348_26348_BLGCsurvey_Xband_D18_0063.rawspec.0000.fil
/datag/public/guest/DIAG_AGBT21A_996_36/spliced_guppi_59348_26348_BLGCsurvey_Xband_D18_0063.rawspec.0002.fil
/datag/public/guest/DIAG_AGBT21A_996_36/spliced_guppi_59348_26657_BLGCsurvey_Xband_D03_0064.rawspec.0000.fil
/datag/public/guest/DIAG_AGBT21A_996_36/spliced_guppi_59348_26657_BLGCsurvey_Xband_D03_0064.rawspec.0002.fil
/datag/public/guest/DIAG_AGBT21A_996_36/spliced_guppi_59348_26966_BLGCsurvey_Xband_D18_0065.rawspec.0000.fil
/datag/public/guest/DIAG_AGBT21A_996_36/spliced_guppi_59348_26966_BLGCsurvey_Xband_D18_0065.rawspec.0002.fil
/datag/public/guest/DIAG_AGBT21A_996_36/spliced_guppi_59348_27275_BLGCsurvey_Xband_D03_0066.rawspec.0000.fil
/datag/public/guest/DIAG_AGBT21A_996_36/spliced_guppi_59348_27275_BLGCsurvey_Xband_D03_0066.rawspec.0002.fil
/datag/public/guest/DIAG_AGBT21A_996_36/spliced_guppi_59348_27584_BLGCsurvey_Xband_D18_0067.rawspec.0000.fil
/datag/public/guest/DIAG_AGBT21A_996_36/spliced_guppi_59348_27584_BLGCsurvey_Xband_D18_0067.rawspec.0002.fil
/datag/public/guest/DIAG_AGBT21A_996_36/spliced_guppi_59348_27893_BLGCsurvey_Xband_D02_0068.rawspec.0000.fil
/datag/public/guest/DIAG_AGBT21A_996_36/spliced_guppi_59348_27893_BLGCsurvey_Xband_D02_0068.rawspec.0002.fil
/datag/public/guest/DIAG_AGBT21A_996_36/spliced_guppi_59348_28202_BLGCsurvey_Xband_D17_0069.rawspec.0000.fil
/datag/public/guest/DIAG_AGBT21A_996_36/spliced_guppi_59348_28202_BLGCsurvey_Xband_D17_0069.rawspec.0002.fil
/datag/public/guest/DIAG_AGBT21A_996_36/spliced_guppi_59348_28512_BLGCsurvey_Xband_D02_0070.rawspec.0000.fil
/datag/public/guest/DIAG_AGBT21A_996_36/spliced_guppi_59348_28512_BLGCsurvey_Xband_D02_0070.rawspec.0002.fil
/datag/public/guest/DIAG_AGBT21A_996_36/spliced_guppi_59348_28821_BLGCsurvey_Xband_D17_0071.rawspec.0000.fil
/datag/public/guest/DIAG_AGBT21A_996_36/spliced_guppi_59348_28821_BLGCsurvey_Xband_D17_0071.rawspec.0002.fil
/datag/public/guest/DIAG_AGBT21A_996_36/spliced_guppi_59348_29130_BLGCsurvey_Xband_D02_0072.rawspec.0000.fil
/datag/public/guest/DIAG_AGBT21A_996_36/spliced_guppi_59348_29130_BLGCsurvey_Xband_D02_0072.rawspec.0002.fil
/datag/public/guest/DIAG_AGBT21A_996_36/spliced_guppi_59348_29439_BLGCsurvey_Xband_D17_0073.rawspec.0000.fil
/datag/public/guest/DIAG_AGBT21A_996_36/spliced_guppi_59348_29439_BLGCsurvey_Xband_D17_0073.rawspec.0002.fil
/datag/public/guest/DIAG_AGBT21A_996_36/spliced_guppi_59348_29748_BLGCsurvey_Xband_C01_0074.rawspec.0000.fil
/datag/public/guest/DIAG_AGBT21A_996_36/spliced_guppi_59348_29748_BLGCsurvey_Xband_C01_0074.rawspec.0002.fil
/datag/public/guest/DIAG_AGBT21A_996_36/spliced_guppi_59348_30057_BLGCsurvey_Xband_D16_0075.rawspec.0000.fil
/datag/public/guest/DIAG_AGBT21A_996_36/spliced_guppi_59348_30057_BLGCsurvey_Xband_D16_0075.rawspec.0002.fil
/datag/public/guest/DIAG_AGBT21A_996_36/spliced_guppi_59348_30366_BLGCsurvey_Xband_C01_0076.rawspec.0000.fil
/datag/public/guest/DIAG_AGBT21A_996_36/spliced_guppi_59348_30366_BLGCsurvey_Xband_C01_0076.rawspec.0002.fil
/datag/public/guest/DIAG_AGBT21A_996_36/spliced_guppi_59348_30675_BLGCsurvey_Xband_D16_0077.rawspec.0000.fil
/datag/public/guest/DIAG_AGBT21A_996_36/spliced_guppi_59348_30675_BLGCsurvey_Xband_D16_0077.rawspec.0002.fil
/datag/public/guest/DIAG_AGBT21A_996_36/spliced_guppi_59348_30984_BLGCsurvey_Xband_C01_0078.rawspec.0000.fil
/datag/public/guest/DIAG_AGBT21A_996_36/spliced_guppi_59348_30984_BLGCsurvey_Xband_C01_0078.rawspec.0002.fil
/datag/public/guest/DIAG_AGBT21A_996_36/spliced_guppi_59348_31294_BLGCsurvey_Xband_D16_0079.rawspec.0000.fil
/datag/public/guest/DIAG_AGBT21A_996_36/spliced_guppi_59348_31294_BLGCsurvey_Xband_D16_0079.rawspec.0002.fil
/datag/public/guest/DIAG_AGBT21A_996_36/spliced_guppi_59348_31604_BLGCsurvey_Xband_C02_0080.rawspec.0000.fil
/datag/public/guest/DIAG_AGBT21A_996_36/spliced_guppi_59348_31604_BLGCsurvey_Xband_C02_0080.rawspec.0002.fil
/datag/public/guest/DIAG_AGBT21A_996_36/spliced_guppi_59348_31913_BLGCsurvey_Xband_C11_0081.rawspec.0000.fil
/datag/public/guest/DIAG_AGBT21A_996_36/spliced_guppi_59348_31913_BLGCsurvey_Xband_C11_0081.rawspec.0002.fil
/datag/public/guest/DIAG_AGBT21A_996_36/spliced_guppi_59348_32223_BLGCsurvey_Xband_C02_0082.rawspec.0000.fil
/datag/public/guest/DIAG_AGBT21A_996_36/spliced_guppi_59348_32223_BLGCsurvey_Xband_C02_0082.rawspec.0002.fil
/datag/public/guest/DIAG_AGBT21A_996_36/spliced_guppi_59348_32532_BLGCsurvey_Xband_C11_0083.rawspec.0000.fil
/datag/public/guest/DIAG_AGBT21A_996_36/spliced_guppi_59348_32532_BLGCsurvey_Xband_C11_0083.rawspec.0002.fil
/datag/public/guest/DIAG_AGBT21A_996_36/spliced_guppi_59348_32841_BLGCsurvey_Xband_C02_0084.rawspec.0000.fil
/datag/public/guest/DIAG_AGBT21A_996_36/spliced_guppi_59348_32841_BLGCsurvey_Xband_C02_0084.rawspec.0002.fil
/datag/public/guest/DIAG_AGBT21A_996_36/spliced_guppi_59348_33150_BLGCsurvey_Xband_C11_0085.rawspec.0000.fil
/datag/public/guest/DIAG_AGBT21A_996_36/spliced_guppi_59348_33150_BLGCsurvey_Xband_C11_0085.rawspec.0002.fil
/datag/public/guest/DIAG_AGBT21A_996_36/spliced_guppi_59348_33460_BLGCsurvey_Xband_C03_0086.rawspec.0000.fil
/datag/public/guest/DIAG_AGBT21A_996_36/spliced_guppi_59348_33460_BLGCsurvey_Xband_C03_0086.rawspec.0002.fil
/datag/public/guest/DIAG_AGBT21A_996_36/spliced_guppi_59348_33769_BLGCsurvey_Xband_C12_0087.rawspec.0000.fil
/datag/public/guest/DIAG_AGBT21A_996_36/spliced_guppi_59348_33769_BLGCsurvey_Xband_C12_0087.rawspec.0002.fil
/datag/public/guest/DIAG_AGBT21A_996_36/spliced_guppi_59348_34078_BLGCsurvey_Xband_C03_0088.rawspec.0000.fil
/datag/public/guest/DIAG_AGBT21A_996_36/spliced_guppi_59348_34078_BLGCsurvey_Xband_C03_0088.rawspec.0002.fil
/datag/public/guest/DIAG_AGBT21A_996_36/spliced_guppi_59348_34387_BLGCsurvey_Xband_C12_0089.rawspec.0000.fil
/datag/public/guest/DIAG_AGBT21A_996_36/spliced_guppi_59348_34387_BLGCsurvey_Xband_C12_0089.rawspec.0002.fil
/datag/public/guest/DIAG_AGBT21A_996_36/spliced_guppi_59348_34696_BLGCsurvey_Xband_C03_0090.rawspec.0000.fil
/datag/public/guest/DIAG_AGBT21A_996_36/spliced_guppi_59348_34696_BLGCsurvey_Xband_C03_0090.rawspec.0002.fil
/datag/public/guest/DIAG_AGBT21A_996_36/spliced_guppi_59348_35005_BLGCsurvey_Xband_C12_0091.rawspec.0000.fil
/datag/public/guest/DIAG_AGBT21A_996_36/spliced_guppi_59348_35005_BLGCsurvey_Xband_C12_0091.rawspec.0002.fil
/datag/public/guest/DIAG_AGBT21A_996_36/spliced_guppi_59348_35315_BLGCsurvey_Xband_D05_0092.rawspec.0000.fil
/datag/public/guest/DIAG_AGBT21A_996_36/spliced_guppi_59348_35315_BLGCsurvey_Xband_D05_0092.rawspec.0002.fil
/datag/public/guest/DIAG_AGBT21A_996_36/spliced_guppi_59348_35625_BLGCsurvey_Xband_B01_0093.rawspec.0000.fil
/datag/public/guest/DIAG_AGBT21A_996_36/spliced_guppi_59348_35625_BLGCsurvey_Xband_B01_0093.rawspec.0002.fil
/datag/public/guest/DIAG_AGBT21A_996_36/spliced_guppi_59348_35934_BLGCsurvey_Xband_D05_0094.rawspec.0000.fil
/datag/public/guest/DIAG_AGBT21A_996_36/spliced_guppi_59348_35934_BLGCsurvey_Xband_D05_0094.rawspec.0002.fil
/datag/public/guest/DIAG_AGBT21A_996_36/spliced_guppi_59348_36243_BLGCsurvey_Xband_B01_0095.rawspec.0000.fil
/datag/public/guest/DIAG_AGBT21A_996_36/spliced_guppi_59348_36243_BLGCsurvey_Xband_B01_0095.rawspec.0002.fil
/datag/public/guest/DIAG_AGBT21A_996_36/spliced_guppi_59348_36565_BLGCsurvey_Xband_D05_0096.rawspec.0000.fil
/datag/public/guest/DIAG_AGBT21A_996_36/spliced_guppi_59348_36565_BLGCsurvey_Xband_D05_0096.rawspec.0002.fil
/datag/public/guest/DIAG_AGBT21A_996_36/spliced_guppi_59348_36874_BLGCsurvey_Xband_B01_0097.rawspec.0000.fil
/datag/public/guest/DIAG_AGBT21A_996_36/spliced_guppi_59348_36874_BLGCsurvey_Xband_B01_0097.rawspec.0002.fil
/datag/public/guest/DIAG_AGBT21A_996_36/spliced_guppi_59348_37183_BLGCsurvey_Xband_C04_0098.rawspec.0000.fil
/datag/public/guest/DIAG_AGBT21A_996_36/spliced_guppi_59348_37183_BLGCsurvey_Xband_C04_0098.rawspec.0002.fil
/datag/public/guest/DIAG_AGBT21A_996_36/spliced_guppi_59348_37492_BLGCsurvey_Xband_B06_0099.rawspec.0000.fil
/datag/public/guest/DIAG_AGBT21A_996_36/spliced_guppi_59348_37492_BLGCsurvey_Xband_B06_0099.rawspec.0002.fil
/datag/public/guest/DIAG_AGBT21A_996_36/spliced_guppi_59348_37801_BLGCsurvey_Xband_C04_0100.rawspec.0000.fil
/datag/public/guest/DIAG_AGBT21A_996_36/spliced_guppi_59348_37801_BLGCsurvey_Xband_C04_0100.rawspec.0002.fil
/datag/public/guest/DIAG_AGBT21A_996_36/spliced_guppi_59348_38110_BLGCsurvey_Xband_B06_0101.rawspec.0000.fil
/datag/public/guest/DIAG_AGBT21A_996_36/spliced_guppi_59348_38110_BLGCsurvey_Xband_B06_0101.rawspec.0002.fil
/datag/public/guest/DIAG_AGBT21A_996_36/spliced_guppi_59348_38419_BLGCsurvey_Xband_C04_0102.rawspec.0000.fil
/datag/public/guest/DIAG_AGBT21A_996_36/spliced_guppi_59348_38419_BLGCsurvey_Xband_C04_0102.rawspec.0002.fil
/datag/public/guest/DIAG_AGBT21A_996_36/spliced_guppi_59348_38728_BLGCsurvey_Xband_B06_0103.rawspec.0000.fil
/datag/public/guest/DIAG_AGBT21A_996_36/spliced_guppi_59348_38728_BLGCsurvey_Xband_B06_0103.rawspec.0002.fil
/datag/public/guest/DIAG_AGBT21A_996_36/spliced_guppi_59348_39037_BLGCsurvey_Xband_B02_0104.rawspec.0000.fil
/datag/public/guest/DIAG_AGBT21A_996_36/spliced_guppi_59348_39037_BLGCsurvey_Xband_B02_0104.rawspec.0002.fil
/datag/public/guest/DIAG_AGBT21A_996_36/spliced_guppi_59348_39346_BLGCsurvey_Xband_C10_0105.rawspec.0000.fil
/datag/public/guest/DIAG_AGBT21A_996_36/spliced_guppi_59348_39346_BLGCsurvey_Xband_C10_0105.rawspec.0002.fil
/datag/public/guest/DIAG_AGBT21A_996_36/spliced_guppi_59348_39655_BLGCsurvey_Xband_B02_0106.rawspec.0000.fil
/datag/public/guest/DIAG_AGBT21A_996_36/spliced_guppi_59348_39655_BLGCsurvey_Xband_B02_0106.rawspec.0002.fil
/datag/public/guest/DIAG_AGBT21A_996_36/spliced_guppi_59348_39964_BLGCsurvey_Xband_C10_0107.rawspec.0000.fil
/datag/public/guest/DIAG_AGBT21A_996_36/spliced_guppi_59348_39964_BLGCsurvey_Xband_C10_0107.rawspec.0002.fil
/datag/public/guest/DIAG_AGBT21A_996_36/spliced_guppi_59348_40273_BLGCsurvey_Xband_B02_0108.rawspec.0000.fil
/datag/public/guest/DIAG_AGBT21A_996_36/spliced_guppi_59348_40273_BLGCsurvey_Xband_B02_0108.rawspec.0002.fil
